../Core/Src/main.c:101:5:main	8	static
../Core/Src/main.c:210:6:SystemClock_Config	88	static
../Core/Src/main.c:257:13:MX_TIM1_Init	96	static
../Core/Src/main.c:332:13:MX_TIM2_Init	56	static
../Core/Src/main.c:381:13:MX_TIM3_Init	64	static
../Core/Src/main.c:440:13:MX_TIM5_Init	32	static
../Core/Src/main.c:485:13:MX_USART2_UART_Init	8	static
../Core/Src/main.c:518:13:MX_GPIO_Init	48	static
../Core/Src/main.c:552:6:HAL_TIM_PeriodElapsedCallback	24	static
../Core/Src/main.c:561:10:micros	12	static
../Core/Src/main.c:567:6:PIDfunc	24	static
../Core/Src/main.c:587:6:Error_Handler	4	static,ignoring_inline_asm
