../Core/Src/main.c:101:5:main	8	static
../Core/Src/main.c:214:6:SystemClock_Config	88	static
../Core/Src/main.c:261:13:MX_TIM1_Init	96	static
../Core/Src/main.c:336:13:MX_TIM2_Init	56	static
../Core/Src/main.c:385:13:MX_TIM3_Init	64	static
../Core/Src/main.c:444:13:MX_TIM5_Init	32	static
../Core/Src/main.c:489:13:MX_USART2_UART_Init	8	static
../Core/Src/main.c:522:13:MX_GPIO_Init	48	static
../Core/Src/main.c:556:6:HAL_TIM_PeriodElapsedCallback	24	static
../Core/Src/main.c:565:10:micros	12	static
../Core/Src/main.c:571:6:PIDfunc	24	static
../Core/Src/main.c:591:6:Error_Handler	4	static,ignoring_inline_asm
